Starting code collection from drumscript...
Processing: drumscript/__init__.py
Processing: drumscript/audio_processor/__init__.py
Processing: drumscript/audio_processor/audio_loader.py
Processing: drumscript/audio_processor/feature_extractor.py
Processing: drumscript/audio_processor/onset_detector.py
Processing: drumscript/audio_processor/stem_splitter.py
Processing: drumscript/audio_processor/tempo_detector.py
Processing: drumscript/audio_processor/tempogram.py
Processing: drumscript/datasets/__init__.py
Processing: drumscript/datasets/base.py
Processing: drumscript/datasets/idmt.py
Processing: drumscript/drum_classifier/__init__.py
Processing: drumscript/drum_classifier/classify.py
Processing: drumscript/main.py
Processing: drumscript/notation_generator/__init__.py
Processing: drumscript/notation_generator/constants.py
Processing: drumscript/notation_generator/helpers.py
Processing: drumscript/notation_generator/midi_exporter.py
Processing: drumscript/notation_generator/pdf_exporter.py
Processing: drumscript/notation_generator/score_builder.py
Processing: drumscript/notation_generator/xml_exporter.py
Processing: drumscript/utils/__init__.py
Processing: drumscript/utils/ffmpeg_installer.py
Processing: drumscript/utils/research/__init__.py
Processing: drumscript/utils/research/analyze_closed_hat_physics.py
Processing: drumscript/utils/research/analyze_crash_physics.py
Processing: drumscript/utils/research/analyze_high_tom_physics.py
Processing: drumscript/utils/research/analyze_kick_physics.py
Processing: drumscript/utils/research/analyze_low_tom_physics.py
Processing: drumscript/utils/research/analyze_mid_tom_physics.py
Processing: drumscript/utils/research/analyze_open_hat_physics.py
Processing: drumscript/utils/research/analyze_ride_physics.py
Processing: drumscript/utils/research/analyze_snare_physics.py
Processing: drumscript/utils/research/analyze_tom_physics.py
Processing: drumscript/utils/research/get_event_frequencies.py
Processing: drumscript/utils/research/measure_hat_frequency.py
Processing: drumscript/utils/research/measure_kick_frequency.py
Processing: drumscript/utils/research/measure_snare_frequency.py
Done! All code has been saved to drumscript_full_review.txt
