victoriamckinney@Victoria’s MacBook Air DrumScript % python3 -m build --wheel
* Creating isolated environment: venv+pip...
* Installing packages in isolated environment:
  - setuptools>=61.0
  - wheel
* Getting build dependencies for wheel...
/private/var/folders/m0/_mjkpjps6lq_13m2l6sfckw40000gn/T/build-env-woebslay/lib/python3.9/site-packages/setuptools/config/_apply_pyprojecttoml.py:61: SetuptoolsDeprecationWarning: License classifiers are deprecated.
!!

        ********************************************************************************
        Please consider removing the following classifiers in favor of a SPDX license expression:

        License :: OSI Approved :: MIT License

        See https://packaging.python.org/en/latest/guides/writing-pyproject-toml/#license for details.
        ********************************************************************************

!!
  dist._finalize_license_expression()
/private/var/folders/m0/_mjkpjps6lq_13m2l6sfckw40000gn/T/build-env-woebslay/lib/python3.9/site-packages/setuptools/dist.py:765: SetuptoolsDeprecationWarning: License classifiers are deprecated.
!!

        ********************************************************************************
        Please consider removing the following classifiers in favor of a SPDX license expression:

        License :: OSI Approved :: MIT License

        See https://packaging.python.org/en/latest/guides/writing-pyproject-toml/#license for details.
        ********************************************************************************

!!
  self._finalize_license_expression()
running egg_info
writing DrumScript.egg-info/PKG-INFO
writing dependency_links to DrumScript.egg-info/dependency_links.txt
writing entry points to DrumScript.egg-info/entry_points.txt
writing requirements to DrumScript.egg-info/requires.txt
writing top-level names to DrumScript.egg-info/top_level.txt
reading manifest file 'DrumScript.egg-info/SOURCES.txt'
reading manifest template 'MANIFEST.in'
warning: manifest_maker: MANIFEST.in, line 4: unknown action 'drumscript.notation_generator/pdf_exporter.py'

warning: manifest_maker: MANIFEST.in, line 5: unknown action 'drumscript.notation_generator/score_generator.py'

warning: no previously-included files matching '*.py[cod]' found anywhere in distribution
warning: no previously-included files matching '__pycache__' found anywhere in distribution
adding license file 'LICENSE'
writing manifest file 'DrumScript.egg-info/SOURCES.txt'
* Building wheel...
/private/var/folders/m0/_mjkpjps6lq_13m2l6sfckw40000gn/T/build-env-woebslay/lib/python3.9/site-packages/setuptools/config/_apply_pyprojecttoml.py:61: SetuptoolsDeprecationWarning: License classifiers are deprecated.
!!

        ********************************************************************************
        Please consider removing the following classifiers in favor of a SPDX license expression:

        License :: OSI Approved :: MIT License

        See https://packaging.python.org/en/latest/guides/writing-pyproject-toml/#license for details.
        ********************************************************************************

!!
  dist._finalize_license_expression()
/private/var/folders/m0/_mjkpjps6lq_13m2l6sfckw40000gn/T/build-env-woebslay/lib/python3.9/site-packages/setuptools/dist.py:765: SetuptoolsDeprecationWarning: License classifiers are deprecated.
!!

        ********************************************************************************
        Please consider removing the following classifiers in favor of a SPDX license expression:

        License :: OSI Approved :: MIT License

        See https://packaging.python.org/en/latest/guides/writing-pyproject-toml/#license for details.
        ********************************************************************************

!!
  self._finalize_license_expression()
running bdist_wheel
running build
running build_py
copying drumscript/__init__.py -> build/lib/drumscript
copying drumscript/main.py -> build/lib/drumscript
copying drumscript/audio_processor/tempo_detector.py -> build/lib/drumscript/audio_processor
copying drumscript/audio_processor/_classifier.py -> build/lib/drumscript/audio_processor
copying drumscript/audio_processor/__init__.py -> build/lib/drumscript/audio_processor
copying drumscript/audio_processor/onset_detector.py -> build/lib/drumscript/audio_processor
copying drumscript/audio_processor/audio_loader.py -> build/lib/drumscript/audio_processor
copying drumscript/audio_processor/feature_extractor.py -> build/lib/drumscript/audio_processor
copying drumscript/audio_processor/tempogram.py -> build/lib/drumscript/audio_processor
copying drumscript/audio_processor/stem_splitter.py -> build/lib/drumscript/audio_processor
copying drumscript/utils/measure_hat_frequency.py -> build/lib/drumscript/utils
copying drumscript/utils/analyze_open_hat_physics.py -> build/lib/drumscript/utils
copying drumscript/utils/analyze_kick_physics.py -> build/lib/drumscript/utils
copying drumscript/utils/config.py -> build/lib/drumscript/utils
copying drumscript/utils/analyze_high_tom_physics.py -> build/lib/drumscript/utils
copying drumscript/utils/get_event_frequencies.py -> build/lib/drumscript/utils
copying drumscript/utils/analyze_low_tom_physics.py -> build/lib/drumscript/utils
copying drumscript/utils/__init__.py -> build/lib/drumscript/utils
copying drumscript/utils/analyze_closed_hat_physics.py -> build/lib/drumscript/utils
copying drumscript/utils/analyze_mid_tom_physics.py -> build/lib/drumscript/utils
copying drumscript/utils/analyze_ride_physics.py -> build/lib/drumscript/utils
copying drumscript/utils/analyze_crash_physics.py -> build/lib/drumscript/utils
copying drumscript/utils/analyze_tom_physics.py -> build/lib/drumscript/utils
copying drumscript/utils/analyze_snare_physics.py -> build/lib/drumscript/utils
copying drumscript/utils/ffmpeg_installer.py -> build/lib/drumscript/utils
copying drumscript/utils/measure_snare_frequency.py -> build/lib/drumscript/utils
copying drumscript/utils/measure_kick_frequency.py -> build/lib/drumscript/utils
copying drumscript/notation_generator/_pdf_exporter.py -> build/lib/drumscript/notation_generator
copying drumscript/notation_generator/score_builder.py -> build/lib/drumscript/notation_generator
copying drumscript/notation_generator/constants.py -> build/lib/drumscript/notation_generator
copying drumscript/notation_generator/__init__.py -> build/lib/drumscript/notation_generator
copying drumscript/notation_generator/midi_exporter.py -> build/lib/drumscript/notation_generator
copying drumscript/notation_generator/_midi_exporter.py -> build/lib/drumscript/notation_generator
copying drumscript/notation_generator/pdf_exporter.py -> build/lib/drumscript/notation_generator
copying drumscript/notation_generator/helpers.py -> build/lib/drumscript/notation_generator
copying drumscript/drum_classifier/classify.py -> build/lib/drumscript/drum_classifier
copying drumscript/drum_classifier/__init__.py -> build/lib/drumscript/drum_classifier
copying drumscript/audio_processor/proofs/_onset_detector.py -> build/lib/drumscript/audio_processor/proofs
running egg_info
writing DrumScript.egg-info/PKG-INFO
writing dependency_links to DrumScript.egg-info/dependency_links.txt
writing entry points to DrumScript.egg-info/entry_points.txt
writing requirements to DrumScript.egg-info/requires.txt
writing top-level names to DrumScript.egg-info/top_level.txt
reading manifest file 'DrumScript.egg-info/SOURCES.txt'
reading manifest template 'MANIFEST.in'
warning: manifest_maker: MANIFEST.in, line 4: unknown action 'drumscript.notation_generator/pdf_exporter.py'

warning: manifest_maker: MANIFEST.in, line 5: unknown action 'drumscript.notation_generator/score_generator.py'

warning: no previously-included files matching '*.py[cod]' found anywhere in distribution
warning: no previously-included files matching '__pycache__' found anywhere in distribution
adding license file 'LICENSE'
writing manifest file 'DrumScript.egg-info/SOURCES.txt'
installing to build/bdist.macosx-10.9-universal2/wheel
running install
running install_lib
creating build/bdist.macosx-10.9-universal2/wheel
creating build/bdist.macosx-10.9-universal2/wheel/drumscript
copying build/lib/drumscript/__init__.py -> build/bdist.macosx-10.9-universal2/wheel/./drumscript
creating build/bdist.macosx-10.9-universal2/wheel/drumscript/audio_processor
copying build/lib/drumscript/audio_processor/tempo_detector.py -> build/bdist.macosx-10.9-universal2/wheel/./drumscript/audio_processor
copying build/lib/drumscript/audio_processor/_classifier.py -> build/bdist.macosx-10.9-universal2/wheel/./drumscript/audio_processor
creating build/bdist.macosx-10.9-universal2/wheel/drumscript/audio_processor/proofs
copying build/lib/drumscript/audio_processor/proofs/_onset_detector.py -> build/bdist.macosx-10.9-universal2/wheel/./drumscript/audio_processor/proofs
copying build/lib/drumscript/audio_processor/__init__.py -> build/bdist.macosx-10.9-universal2/wheel/./drumscript/audio_processor
copying build/lib/drumscript/audio_processor/onset_detector.py -> build/bdist.macosx-10.9-universal2/wheel/./drumscript/audio_processor
copying build/lib/drumscript/audio_processor/audio_loader.py -> build/bdist.macosx-10.9-universal2/wheel/./drumscript/audio_processor
copying build/lib/drumscript/audio_processor/feature_extractor.py -> build/bdist.macosx-10.9-universal2/wheel/./drumscript/audio_processor
copying build/lib/drumscript/audio_processor/tempogram.py -> build/bdist.macosx-10.9-universal2/wheel/./drumscript/audio_processor
copying build/lib/drumscript/audio_processor/stem_splitter.py -> build/bdist.macosx-10.9-universal2/wheel/./drumscript/audio_processor
creating build/bdist.macosx-10.9-universal2/wheel/drumscript/utils
copying build/lib/drumscript/utils/measure_hat_frequency.py -> build/bdist.macosx-10.9-universal2/wheel/./drumscript/utils
copying build/lib/drumscript/utils/analyze_open_hat_physics.py -> build/bdist.macosx-10.9-universal2/wheel/./drumscript/utils
copying build/lib/drumscript/utils/analyze_kick_physics.py -> build/bdist.macosx-10.9-universal2/wheel/./drumscript/utils
copying build/lib/drumscript/utils/config.py -> build/bdist.macosx-10.9-universal2/wheel/./drumscript/utils
copying build/lib/drumscript/utils/analyze_high_tom_physics.py -> build/bdist.macosx-10.9-universal2/wheel/./drumscript/utils
copying build/lib/drumscript/utils/get_event_frequencies.py -> build/bdist.macosx-10.9-universal2/wheel/./drumscript/utils
copying build/lib/drumscript/utils/analyze_low_tom_physics.py -> build/bdist.macosx-10.9-universal2/wheel/./drumscript/utils
copying build/lib/drumscript/utils/__init__.py -> build/bdist.macosx-10.9-universal2/wheel/./drumscript/utils
copying build/lib/drumscript/utils/analyze_closed_hat_physics.py -> build/bdist.macosx-10.9-universal2/wheel/./drumscript/utils
copying build/lib/drumscript/utils/analyze_mid_tom_physics.py -> build/bdist.macosx-10.9-universal2/wheel/./drumscript/utils
copying build/lib/drumscript/utils/analyze_ride_physics.py -> build/bdist.macosx-10.9-universal2/wheel/./drumscript/utils
copying build/lib/drumscript/utils/analyze_crash_physics.py -> build/bdist.macosx-10.9-universal2/wheel/./drumscript/utils
copying build/lib/drumscript/utils/analyze_tom_physics.py -> build/bdist.macosx-10.9-universal2/wheel/./drumscript/utils
copying build/lib/drumscript/utils/analyze_snare_physics.py -> build/bdist.macosx-10.9-universal2/wheel/./drumscript/utils
copying build/lib/drumscript/utils/ffmpeg_installer.py -> build/bdist.macosx-10.9-universal2/wheel/./drumscript/utils
copying build/lib/drumscript/utils/measure_snare_frequency.py -> build/bdist.macosx-10.9-universal2/wheel/./drumscript/utils
copying build/lib/drumscript/utils/measure_kick_frequency.py -> build/bdist.macosx-10.9-universal2/wheel/./drumscript/utils
creating build/bdist.macosx-10.9-universal2/wheel/drumscript/notation_generator
copying build/lib/drumscript/notation_generator/_pdf_exporter.py -> build/bdist.macosx-10.9-universal2/wheel/./drumscript/notation_generator
copying build/lib/drumscript/notation_generator/score_builder.py -> build/bdist.macosx-10.9-universal2/wheel/./drumscript/notation_generator
copying build/lib/drumscript/notation_generator/constants.py -> build/bdist.macosx-10.9-universal2/wheel/./drumscript/notation_generator
copying build/lib/drumscript/notation_generator/__init__.py -> build/bdist.macosx-10.9-universal2/wheel/./drumscript/notation_generator
copying build/lib/drumscript/notation_generator/midi_exporter.py -> build/bdist.macosx-10.9-universal2/wheel/./drumscript/notation_generator
copying build/lib/drumscript/notation_generator/_midi_exporter.py -> build/bdist.macosx-10.9-universal2/wheel/./drumscript/notation_generator
copying build/lib/drumscript/notation_generator/pdf_exporter.py -> build/bdist.macosx-10.9-universal2/wheel/./drumscript/notation_generator
copying build/lib/drumscript/notation_generator/helpers.py -> build/bdist.macosx-10.9-universal2/wheel/./drumscript/notation_generator
copying build/lib/drumscript/main.py -> build/bdist.macosx-10.9-universal2/wheel/./drumscript
creating build/bdist.macosx-10.9-universal2/wheel/drumscript/drum_classifier
copying build/lib/drumscript/drum_classifier/classify.py -> build/bdist.macosx-10.9-universal2/wheel/./drumscript/drum_classifier
copying build/lib/drumscript/drum_classifier/__init__.py -> build/bdist.macosx-10.9-universal2/wheel/./drumscript/drum_classifier
running install_egg_info
Copying DrumScript.egg-info to build/bdist.macosx-10.9-universal2/wheel/./DrumScript-0.1.1-py3.9.egg-info
running install_scripts
creating build/bdist.macosx-10.9-universal2/wheel/drumscript-0.1.1.dist-info/WHEEL
creating '/Users/victoriamckinney/Library/Visual Studio Projects/DrumScript/dist/.tmp-k4gds57h/drumscript-0.1.1-py3-none-any.whl' and adding 'build/bdist.macosx-10.9-universal2/wheel' to it
adding 'drumscript/__init__.py'
adding 'drumscript/main.py'
adding 'drumscript/audio_processor/__init__.py'
adding 'drumscript/audio_processor/_classifier.py'
adding 'drumscript/audio_processor/audio_loader.py'
adding 'drumscript/audio_processor/feature_extractor.py'
adding 'drumscript/audio_processor/onset_detector.py'
adding 'drumscript/audio_processor/stem_splitter.py'
adding 'drumscript/audio_processor/tempo_detector.py'
adding 'drumscript/audio_processor/tempogram.py'
adding 'drumscript/audio_processor/proofs/_onset_detector.py'
adding 'drumscript/drum_classifier/__init__.py'
adding 'drumscript/drum_classifier/classify.py'
adding 'drumscript/notation_generator/__init__.py'
adding 'drumscript/notation_generator/_midi_exporter.py'
adding 'drumscript/notation_generator/_pdf_exporter.py'
adding 'drumscript/notation_generator/constants.py'
adding 'drumscript/notation_generator/helpers.py'
adding 'drumscript/notation_generator/midi_exporter.py'
adding 'drumscript/notation_generator/pdf_exporter.py'
adding 'drumscript/notation_generator/score_builder.py'
adding 'drumscript/utils/__init__.py'
adding 'drumscript/utils/analyze_closed_hat_physics.py'
adding 'drumscript/utils/analyze_crash_physics.py'
adding 'drumscript/utils/analyze_high_tom_physics.py'
adding 'drumscript/utils/analyze_kick_physics.py'
adding 'drumscript/utils/analyze_low_tom_physics.py'
adding 'drumscript/utils/analyze_mid_tom_physics.py'
adding 'drumscript/utils/analyze_open_hat_physics.py'
adding 'drumscript/utils/analyze_ride_physics.py'
adding 'drumscript/utils/analyze_snare_physics.py'
adding 'drumscript/utils/analyze_tom_physics.py'
adding 'drumscript/utils/config.py'
adding 'drumscript/utils/ffmpeg_installer.py'
adding 'drumscript/utils/get_event_frequencies.py'
adding 'drumscript/utils/measure_hat_frequency.py'
adding 'drumscript/utils/measure_kick_frequency.py'
adding 'drumscript/utils/measure_snare_frequency.py'
adding 'drumscript-0.1.1.dist-info/licenses/LICENSE'
adding 'drumscript-0.1.1.dist-info/METADATA'
adding 'drumscript-0.1.1.dist-info/WHEEL'
adding 'drumscript-0.1.1.dist-info/entry_points.txt'
adding 'drumscript-0.1.1.dist-info/top_level.txt'
adding 'drumscript-0.1.1.dist-info/RECORD'
removing build/bdist.macosx-10.9-universal2/wheel
Successfully built drumscript-0.1.1-py3-none-any.whl
victoriamckinney@Victoria’s MacBook Air DrumScript % 



------

victoriamckinney@Victoria’s MacBook Air DrumScript % rm -rf dist/ build/ *.egg-info
zsh: no matches found: *.egg-info
victoriamckinney@Victoria’s MacBook Air DrumScript % python3 -m build --wheel
* Creating isolated environment: venv+pip...
* Installing packages in isolated environment:
  - setuptools>=61.0
  - wheel
* Getting build dependencies for wheel...
/private/var/folders/m0/_mjkpjps6lq_13m2l6sfckw40000gn/T/build-env-3254wadr/lib/python3.9/site-packages/setuptools/config/_apply_pyprojecttoml.py:82: SetuptoolsDeprecationWarning: `project.license` as a TOML table is deprecated
!!

        ********************************************************************************
        Please use a simple string containing a SPDX expression for `project.license`. You can also use `project.license-files`. (Both options available on setuptools>=77.0.0).

        By 2027-Feb-18, you need to update your project and remove deprecated calls
        or your builds will no longer be supported.

        See https://packaging.python.org/en/latest/guides/writing-pyproject-toml/#license for details.
        ********************************************************************************

!!
  corresp(dist, value, root_dir)
/private/var/folders/m0/_mjkpjps6lq_13m2l6sfckw40000gn/T/build-env-3254wadr/lib/python3.9/site-packages/setuptools/config/_apply_pyprojecttoml.py:61: SetuptoolsDeprecationWarning: License classifiers are deprecated.
!!

        ********************************************************************************
        Please consider removing the following classifiers in favor of a SPDX license expression:

        License :: OSI Approved :: Apache Software License

        See https://packaging.python.org/en/latest/guides/writing-pyproject-toml/#license for details.
        ********************************************************************************

!!
  dist._finalize_license_expression()
/private/var/folders/m0/_mjkpjps6lq_13m2l6sfckw40000gn/T/build-env-3254wadr/lib/python3.9/site-packages/setuptools/dist.py:765: SetuptoolsDeprecationWarning: License classifiers are deprecated.
!!

        ********************************************************************************
        Please consider removing the following classifiers in favor of a SPDX license expression:

        License :: OSI Approved :: Apache Software License

        See https://packaging.python.org/en/latest/guides/writing-pyproject-toml/#license for details.
        ********************************************************************************

!!
  self._finalize_license_expression()
running egg_info
creating DrumScript.egg-info
writing DrumScript.egg-info/PKG-INFO
writing dependency_links to DrumScript.egg-info/dependency_links.txt
writing entry points to DrumScript.egg-info/entry_points.txt
writing requirements to DrumScript.egg-info/requires.txt
writing top-level names to DrumScript.egg-info/top_level.txt
writing manifest file 'DrumScript.egg-info/SOURCES.txt'
reading manifest file 'DrumScript.egg-info/SOURCES.txt'
reading manifest template 'MANIFEST.in'
warning: no previously-included files matching '*.py[cod]' found anywhere in distribution
warning: no previously-included files matching '__pycache__' found anywhere in distribution
adding license file 'LICENSE'
writing manifest file 'DrumScript.egg-info/SOURCES.txt'
* Building wheel...
/private/var/folders/m0/_mjkpjps6lq_13m2l6sfckw40000gn/T/build-env-3254wadr/lib/python3.9/site-packages/setuptools/config/_apply_pyprojecttoml.py:82: SetuptoolsDeprecationWarning: `project.license` as a TOML table is deprecated
!!

        ********************************************************************************
        Please use a simple string containing a SPDX expression for `project.license`. You can also use `project.license-files`. (Both options available on setuptools>=77.0.0).

        By 2027-Feb-18, you need to update your project and remove deprecated calls
        or your builds will no longer be supported.

        See https://packaging.python.org/en/latest/guides/writing-pyproject-toml/#license for details.
        ********************************************************************************

!!
  corresp(dist, value, root_dir)
/private/var/folders/m0/_mjkpjps6lq_13m2l6sfckw40000gn/T/build-env-3254wadr/lib/python3.9/site-packages/setuptools/config/_apply_pyprojecttoml.py:61: SetuptoolsDeprecationWarning: License classifiers are deprecated.
!!

        ********************************************************************************
        Please consider removing the following classifiers in favor of a SPDX license expression:

        License :: OSI Approved :: Apache Software License

        See https://packaging.python.org/en/latest/guides/writing-pyproject-toml/#license for details.
        ********************************************************************************

!!
  dist._finalize_license_expression()
/private/var/folders/m0/_mjkpjps6lq_13m2l6sfckw40000gn/T/build-env-3254wadr/lib/python3.9/site-packages/setuptools/dist.py:765: SetuptoolsDeprecationWarning: License classifiers are deprecated.
!!

        ********************************************************************************
        Please consider removing the following classifiers in favor of a SPDX license expression:

        License :: OSI Approved :: Apache Software License

        See https://packaging.python.org/en/latest/guides/writing-pyproject-toml/#license for details.
        ********************************************************************************

!!
  self._finalize_license_expression()
running bdist_wheel
running build
running build_py
creating build/lib/drumscript
copying drumscript/__init__.py -> build/lib/drumscript
copying drumscript/main.py -> build/lib/drumscript
creating build/lib/drumscript/audio_processor
copying drumscript/audio_processor/tempo_detector.py -> build/lib/drumscript/audio_processor
copying drumscript/audio_processor/_classifier.py -> build/lib/drumscript/audio_processor
copying drumscript/audio_processor/__init__.py -> build/lib/drumscript/audio_processor
copying drumscript/audio_processor/onset_detector.py -> build/lib/drumscript/audio_processor
copying drumscript/audio_processor/audio_loader.py -> build/lib/drumscript/audio_processor
copying drumscript/audio_processor/feature_extractor.py -> build/lib/drumscript/audio_processor
copying drumscript/audio_processor/tempogram.py -> build/lib/drumscript/audio_processor
copying drumscript/audio_processor/stem_splitter.py -> build/lib/drumscript/audio_processor
creating build/lib/drumscript/utils
copying drumscript/utils/measure_hat_frequency.py -> build/lib/drumscript/utils
copying drumscript/utils/analyze_open_hat_physics.py -> build/lib/drumscript/utils
copying drumscript/utils/analyze_kick_physics.py -> build/lib/drumscript/utils
copying drumscript/utils/config.py -> build/lib/drumscript/utils
copying drumscript/utils/analyze_high_tom_physics.py -> build/lib/drumscript/utils
copying drumscript/utils/get_event_frequencies.py -> build/lib/drumscript/utils
copying drumscript/utils/analyze_low_tom_physics.py -> build/lib/drumscript/utils
copying drumscript/utils/__init__.py -> build/lib/drumscript/utils
copying drumscript/utils/analyze_closed_hat_physics.py -> build/lib/drumscript/utils
copying drumscript/utils/analyze_mid_tom_physics.py -> build/lib/drumscript/utils
copying drumscript/utils/analyze_ride_physics.py -> build/lib/drumscript/utils
copying drumscript/utils/analyze_crash_physics.py -> build/lib/drumscript/utils
copying drumscript/utils/analyze_tom_physics.py -> build/lib/drumscript/utils
copying drumscript/utils/analyze_snare_physics.py -> build/lib/drumscript/utils
copying drumscript/utils/ffmpeg_installer.py -> build/lib/drumscript/utils
copying drumscript/utils/measure_snare_frequency.py -> build/lib/drumscript/utils
copying drumscript/utils/measure_kick_frequency.py -> build/lib/drumscript/utils
creating build/lib/drumscript/notation_generator
copying drumscript/notation_generator/_pdf_exporter.py -> build/lib/drumscript/notation_generator
copying drumscript/notation_generator/score_builder.py -> build/lib/drumscript/notation_generator
copying drumscript/notation_generator/constants.py -> build/lib/drumscript/notation_generator
copying drumscript/notation_generator/__init__.py -> build/lib/drumscript/notation_generator
copying drumscript/notation_generator/midi_exporter.py -> build/lib/drumscript/notation_generator
copying drumscript/notation_generator/_midi_exporter.py -> build/lib/drumscript/notation_generator
copying drumscript/notation_generator/pdf_exporter.py -> build/lib/drumscript/notation_generator
copying drumscript/notation_generator/helpers.py -> build/lib/drumscript/notation_generator
creating build/lib/drumscript/drum_classifier
copying drumscript/drum_classifier/classify.py -> build/lib/drumscript/drum_classifier
copying drumscript/drum_classifier/__init__.py -> build/lib/drumscript/drum_classifier
creating build/lib/drumscript/audio_processor/proofs
copying drumscript/audio_processor/proofs/_onset_detector.py -> build/lib/drumscript/audio_processor/proofs
running egg_info
writing DrumScript.egg-info/PKG-INFO
writing dependency_links to DrumScript.egg-info/dependency_links.txt
writing entry points to DrumScript.egg-info/entry_points.txt
writing requirements to DrumScript.egg-info/requires.txt
writing top-level names to DrumScript.egg-info/top_level.txt
reading manifest file 'DrumScript.egg-info/SOURCES.txt'
reading manifest template 'MANIFEST.in'
warning: no previously-included files matching '*.py[cod]' found anywhere in distribution
warning: no previously-included files matching '__pycache__' found anywhere in distribution
adding license file 'LICENSE'
writing manifest file 'DrumScript.egg-info/SOURCES.txt'
installing to build/bdist.macosx-10.9-universal2/wheel
running install
running install_lib
creating build/bdist.macosx-10.9-universal2/wheel
creating build/bdist.macosx-10.9-universal2/wheel/drumscript
copying build/lib/drumscript/__init__.py -> build/bdist.macosx-10.9-universal2/wheel/./drumscript
creating build/bdist.macosx-10.9-universal2/wheel/drumscript/audio_processor
copying build/lib/drumscript/audio_processor/tempo_detector.py -> build/bdist.macosx-10.9-universal2/wheel/./drumscript/audio_processor
copying build/lib/drumscript/audio_processor/_classifier.py -> build/bdist.macosx-10.9-universal2/wheel/./drumscript/audio_processor
creating build/bdist.macosx-10.9-universal2/wheel/drumscript/audio_processor/proofs
copying build/lib/drumscript/audio_processor/proofs/_onset_detector.py -> build/bdist.macosx-10.9-universal2/wheel/./drumscript/audio_processor/proofs
copying build/lib/drumscript/audio_processor/__init__.py -> build/bdist.macosx-10.9-universal2/wheel/./drumscript/audio_processor
copying build/lib/drumscript/audio_processor/onset_detector.py -> build/bdist.macosx-10.9-universal2/wheel/./drumscript/audio_processor
copying build/lib/drumscript/audio_processor/audio_loader.py -> build/bdist.macosx-10.9-universal2/wheel/./drumscript/audio_processor
copying build/lib/drumscript/audio_processor/feature_extractor.py -> build/bdist.macosx-10.9-universal2/wheel/./drumscript/audio_processor
copying build/lib/drumscript/audio_processor/tempogram.py -> build/bdist.macosx-10.9-universal2/wheel/./drumscript/audio_processor
copying build/lib/drumscript/audio_processor/stem_splitter.py -> build/bdist.macosx-10.9-universal2/wheel/./drumscript/audio_processor
creating build/bdist.macosx-10.9-universal2/wheel/drumscript/utils
copying build/lib/drumscript/utils/measure_hat_frequency.py -> build/bdist.macosx-10.9-universal2/wheel/./drumscript/utils
copying build/lib/drumscript/utils/analyze_open_hat_physics.py -> build/bdist.macosx-10.9-universal2/wheel/./drumscript/utils
copying build/lib/drumscript/utils/analyze_kick_physics.py -> build/bdist.macosx-10.9-universal2/wheel/./drumscript/utils
copying build/lib/drumscript/utils/config.py -> build/bdist.macosx-10.9-universal2/wheel/./drumscript/utils
copying build/lib/drumscript/utils/analyze_high_tom_physics.py -> build/bdist.macosx-10.9-universal2/wheel/./drumscript/utils
copying build/lib/drumscript/utils/get_event_frequencies.py -> build/bdist.macosx-10.9-universal2/wheel/./drumscript/utils
copying build/lib/drumscript/utils/analyze_low_tom_physics.py -> build/bdist.macosx-10.9-universal2/wheel/./drumscript/utils
copying build/lib/drumscript/utils/__init__.py -> build/bdist.macosx-10.9-universal2/wheel/./drumscript/utils
copying build/lib/drumscript/utils/analyze_closed_hat_physics.py -> build/bdist.macosx-10.9-universal2/wheel/./drumscript/utils
copying build/lib/drumscript/utils/analyze_mid_tom_physics.py -> build/bdist.macosx-10.9-universal2/wheel/./drumscript/utils
copying build/lib/drumscript/utils/analyze_ride_physics.py -> build/bdist.macosx-10.9-universal2/wheel/./drumscript/utils
copying build/lib/drumscript/utils/analyze_crash_physics.py -> build/bdist.macosx-10.9-universal2/wheel/./drumscript/utils
copying build/lib/drumscript/utils/analyze_tom_physics.py -> build/bdist.macosx-10.9-universal2/wheel/./drumscript/utils
copying build/lib/drumscript/utils/analyze_snare_physics.py -> build/bdist.macosx-10.9-universal2/wheel/./drumscript/utils
copying build/lib/drumscript/utils/ffmpeg_installer.py -> build/bdist.macosx-10.9-universal2/wheel/./drumscript/utils
copying build/lib/drumscript/utils/measure_snare_frequency.py -> build/bdist.macosx-10.9-universal2/wheel/./drumscript/utils
copying build/lib/drumscript/utils/measure_kick_frequency.py -> build/bdist.macosx-10.9-universal2/wheel/./drumscript/utils
creating build/bdist.macosx-10.9-universal2/wheel/drumscript/notation_generator
copying build/lib/drumscript/notation_generator/_pdf_exporter.py -> build/bdist.macosx-10.9-universal2/wheel/./drumscript/notation_generator
copying build/lib/drumscript/notation_generator/score_builder.py -> build/bdist.macosx-10.9-universal2/wheel/./drumscript/notation_generator
copying build/lib/drumscript/notation_generator/constants.py -> build/bdist.macosx-10.9-universal2/wheel/./drumscript/notation_generator
copying build/lib/drumscript/notation_generator/__init__.py -> build/bdist.macosx-10.9-universal2/wheel/./drumscript/notation_generator
copying build/lib/drumscript/notation_generator/midi_exporter.py -> build/bdist.macosx-10.9-universal2/wheel/./drumscript/notation_generator
copying build/lib/drumscript/notation_generator/_midi_exporter.py -> build/bdist.macosx-10.9-universal2/wheel/./drumscript/notation_generator
copying build/lib/drumscript/notation_generator/pdf_exporter.py -> build/bdist.macosx-10.9-universal2/wheel/./drumscript/notation_generator
copying build/lib/drumscript/notation_generator/helpers.py -> build/bdist.macosx-10.9-universal2/wheel/./drumscript/notation_generator
copying build/lib/drumscript/main.py -> build/bdist.macosx-10.9-universal2/wheel/./drumscript
creating build/bdist.macosx-10.9-universal2/wheel/drumscript/drum_classifier
copying build/lib/drumscript/drum_classifier/classify.py -> build/bdist.macosx-10.9-universal2/wheel/./drumscript/drum_classifier
copying build/lib/drumscript/drum_classifier/__init__.py -> build/bdist.macosx-10.9-universal2/wheel/./drumscript/drum_classifier
running install_egg_info
Copying DrumScript.egg-info to build/bdist.macosx-10.9-universal2/wheel/./DrumScript-0.1.1-py3.9.egg-info
running install_scripts
creating build/bdist.macosx-10.9-universal2/wheel/drumscript-0.1.1.dist-info/WHEEL
creating '/Users/victoriamckinney/Library/Visual Studio Projects/DrumScript/dist/.tmp-nlyzyr4g/drumscript-0.1.1-py3-none-any.whl' and adding 'build/bdist.macosx-10.9-universal2/wheel' to it
adding 'drumscript/__init__.py'
adding 'drumscript/main.py'
adding 'drumscript/audio_processor/__init__.py'
adding 'drumscript/audio_processor/_classifier.py'
adding 'drumscript/audio_processor/audio_loader.py'
adding 'drumscript/audio_processor/feature_extractor.py'
adding 'drumscript/audio_processor/onset_detector.py'
adding 'drumscript/audio_processor/stem_splitter.py'
adding 'drumscript/audio_processor/tempo_detector.py'
adding 'drumscript/audio_processor/tempogram.py'
adding 'drumscript/audio_processor/proofs/_onset_detector.py'
adding 'drumscript/drum_classifier/__init__.py'
adding 'drumscript/drum_classifier/classify.py'
adding 'drumscript/notation_generator/__init__.py'
adding 'drumscript/notation_generator/_midi_exporter.py'
adding 'drumscript/notation_generator/_pdf_exporter.py'
adding 'drumscript/notation_generator/constants.py'
adding 'drumscript/notation_generator/helpers.py'
adding 'drumscript/notation_generator/midi_exporter.py'
adding 'drumscript/notation_generator/pdf_exporter.py'
adding 'drumscript/notation_generator/score_builder.py'
adding 'drumscript/utils/__init__.py'
adding 'drumscript/utils/analyze_closed_hat_physics.py'
adding 'drumscript/utils/analyze_crash_physics.py'
adding 'drumscript/utils/analyze_high_tom_physics.py'
adding 'drumscript/utils/analyze_kick_physics.py'
adding 'drumscript/utils/analyze_low_tom_physics.py'
adding 'drumscript/utils/analyze_mid_tom_physics.py'
adding 'drumscript/utils/analyze_open_hat_physics.py'
adding 'drumscript/utils/analyze_ride_physics.py'
adding 'drumscript/utils/analyze_snare_physics.py'
adding 'drumscript/utils/analyze_tom_physics.py'
adding 'drumscript/utils/config.py'
adding 'drumscript/utils/ffmpeg_installer.py'
adding 'drumscript/utils/get_event_frequencies.py'
adding 'drumscript/utils/measure_hat_frequency.py'
adding 'drumscript/utils/measure_kick_frequency.py'
adding 'drumscript/utils/measure_snare_frequency.py'
adding 'drumscript-0.1.1.dist-info/licenses/LICENSE'
adding 'drumscript-0.1.1.dist-info/METADATA'
adding 'drumscript-0.1.1.dist-info/WHEEL'
adding 'drumscript-0.1.1.dist-info/entry_points.txt'
adding 'drumscript-0.1.1.dist-info/top_level.txt'
adding 'drumscript-0.1.1.dist-info/RECORD'
removing build/bdist.macosx-10.9-universal2/wheel
Successfully built drumscript-0.1.1-py3-none-any.whl
victoriamckinney@Victoria’s MacBook Air DrumScript % python3 -m build --wheel


-----