Traceback (most recent call last):
  File "/home/runner/work/DrumScript/DrumScript/.venv/lib/python3.12/site-packages/jupyter_cache/executors/utils.py", line 58, in single_nb_execution
    executenb(
  File "/home/runner/work/DrumScript/DrumScript/.venv/lib/python3.12/site-packages/nbclient/client.py", line 1323, in execute
    return NotebookClient(nb=nb, resources=resources, km=km, **kwargs).execute()
           ^^^^^^^^^^^^^^^^^^^^^^^^^^^^^^^^^^^^^^^^^^^^^^^^^^^^^^^^^^^^^^^^^^^^^
  File "/home/runner/work/DrumScript/DrumScript/.venv/lib/python3.12/site-packages/jupyter_core/utils/__init__.py", line 165, in wrapped
    return loop.run_until_complete(inner)
           ^^^^^^^^^^^^^^^^^^^^^^^^^^^^^^
  File "/opt/hostedtoolcache/Python/3.12.13/x64/lib/python3.12/asyncio/base_events.py", line 691, in run_until_complete
    return future.result()
           ^^^^^^^^^^^^^^^
  File "/home/runner/work/DrumScript/DrumScript/.venv/lib/python3.12/site-packages/nbclient/client.py", line 709, in async_execute
    await self.async_execute_cell(
  File "/home/runner/work/DrumScript/DrumScript/.venv/lib/python3.12/site-packages/nbclient/client.py", line 1062, in async_execute_cell
    await self._check_raise_for_error(cell, cell_index, exec_reply)
  File "/home/runner/work/DrumScript/DrumScript/.venv/lib/python3.12/site-packages/nbclient/client.py", line 918, in _check_raise_for_error
    raise CellExecutionError.from_cell_and_msg(cell, exec_reply_content)
nbclient.exceptions.CellExecutionError: An error occurred while executing the following cell:
------------------
# 1. Load audio
audio_file_path = "audio/test_track_1.wav"
audio_file = ds.load_audio(audio_file_path)
print("Audio loaded!")
display(Audio(audio_file_path))
------------------

----- stdout -----
Error loading audio file audio/test_track_1.wav:
------------------

[31m---------------------------------------------------------------------------[39m
[31mLibsndfileError[39m                           Traceback (most recent call last)
[36mFile [39m[32m~/work/DrumScript/DrumScript/.venv/lib/python3.12/site-packages/librosa/core/audio.py:176[39m, in [36mload[39m[34m(path, sr, mono, offset, duration, dtype, res_type)[39m
[32m    175[39m [38;5;28;01mtry[39;00m:
[32m--> [39m[32m176[39m     y, sr_native = [30;43m__soundfile_load[39;49m[30;43m([39;49m[30;43mpath[39;49m[30;43m,[39;49m[30;43m [39;49m[30;43moffset[39;49m[30;43m,[39;49m[30;43m [39;49m[30;43mduration[39;49m[30;43m,[39;49m[30;43m [39;49m[30;43mdtype[39;49m[30;43m)[39;49m
[32m    178[39m [38;5;28;01mexcept[39;00m sf.SoundFileRuntimeError [38;5;28;01mas[39;00m exc:
[32m    179[39m     [38;5;66;03m# If soundfile failed, try audioread instead[39;00m

[36mFile [39m[32m~/work/DrumScript/DrumScript/.venv/lib/python3.12/site-packages/librosa/core/audio.py:209[39m, in [36m__soundfile_load[39m[34m(path, offset, duration, dtype)[39m
[32m    207[39m [38;5;28;01melse[39;00m:
[32m    208[39m     [38;5;66;03m# Otherwise, create the soundfile object[39;00m
[32m--> [39m[32m209[39m     context = [30;43msf[39;49m[30;43m.[39;49m[30;43mSoundFile[39;49m[30;43m([39;49m[30;43mpath[39;49m[30;43m)[39;49m
[32m    211[39m [38;5;28;01mwith[39;00m context [38;5;28;01mas[39;00m sf_desc:

[36mFile [39m[32m~/work/DrumScript/DrumScript/.venv/lib/python3.12/site-packages/soundfile.py:690[39m, in [36mSoundFile.__init__[39m[34m(self, file, mode, samplerate, channels, subtype, endian, format, closefd, compression_level, bitrate_mode)[39m
[32m    688[39m [38;5;28mself[39m._info = _create_info_struct(file, mode, samplerate, channels,
[32m    689[39m                                  [38;5;28mformat[39m, subtype, endian)
[32m--> [39m[32m690[39m [38;5;28mself[39m._file = [30;43mself[39;49m[30;43m.[39;49m[30;43m_open[39;49m[30;43m([39;49m[30;43mfile[39;49m[30;43m,[39;49m[30;43m [39;49m[30;43mmode_int[39;49m[30;43m,[39;49m[30;43m [39;49m[30;43mclosefd[39;49m[30;43m)[39;49m
[32m    691[39m [38;5;28;01mif[39;00m [38;5;28mset[39m(mode).issuperset([33m'[39m[33mr+[39m[33m'[39m) [38;5;129;01mand[39;00m [38;5;28mself[39m.seekable():
[32m    692[39m     [38;5;66;03m# Move write position to 0 (like in Python file objects)[39;00m

[36mFile [39m[32m~/work/DrumScript/DrumScript/.venv/lib/python3.12/site-packages/soundfile.py:1265[39m, in [36mSoundFile._open[39m[34m(self, file, mode_int, closefd)[39m
[32m   1264[39m     err = _snd.sf_error(file_ptr)
[32m-> [39m[32m1265[39m     [38;5;28;01mraise[39;00m LibsndfileError(err, prefix=[33m"[39m[33mError opening [39m[38;5;132;01m{0!r}[39;00m[33m: [39m[33m"[39m.format([38;5;28mself[39m.name))
[32m   1266[39m [38;5;28;01mif[39;00m mode_int == _snd.SFM_WRITE:
[32m   1267[39m     [38;5;66;03m# Due to a bug in libsndfile version <= 1.0.25, frames != 0[39;00m
[32m   1268[39m     [38;5;66;03m# when opening a named pipe in SFM_WRITE mode.[39;00m
[32m   1269[39m     [38;5;66;03m# See http://github.com/erikd/libsndfile/issues/77.[39;00m

[31mLibsndfileError[39m: Error opening 'audio/test_track_1.wav': Format not recognised.

During handling of the above exception, another exception occurred:

[31mNoBackendError[39m                            Traceback (most recent call last)
[36mCell[39m[36m [39m[32mIn[2][39m[32m, line 3[39m
[32m      1[39m [38;5;66;03m# 1. Load audio[39;00m
[32m      2[39m audio_file_path = [33m"audio/test_track_1.wav"[39m
[32m----> [39m[32m3[39m audio_file = ds.load_audio(audio_file_path)
[32m      4[39m print([33m"Audio loaded!"[39m)
[32m      5[39m display(Audio(audio_file_path))

[36mFile [39m[32m~/work/DrumScript/DrumScript/drumscript/audio_processor/audio_loader.py:51[39m, in [36mload_audio[39m[34m(audio_path, sr)[39m
[32m     49[39m [38;5;66;03m# sample_rate = SAMPLE_RATE[39;00m
[32m     50[39m [38;5;28;01mtry[39;00m:
[32m---> [39m[32m51[39m     audio_data, sample_rate = [30;43mlibrosa[39;49m[30;43m.[39;49m[30;43mload[39;49m[30;43m([39;49m
[32m     52[39m [30;43m        [39;49m[30;43maudio_path[39;49m[30;43m,[39;49m[30;43m [39;49m[30;43msr[39;49m[30;43m=[39;49m[30;43msr[39;49m
[32m     53[39m [30;43m    [39;49m[30;43m)[39;49m  [38;5;66;03m# The librosa.load_audio() fct handles wide variety of audio formats, including .mp3, .wav, .flac, .ogg, etc.[39;00m
[32m     54[39m     [38;5;66;03m# return audio_data, sr[39;00m
[32m     55[39m     [38;5;28;01mreturn[39;00m audio_data, sample_rate

[36mFile [39m[32m~/work/DrumScript/DrumScript/.venv/lib/python3.12/site-packages/librosa/core/audio.py:184[39m, in [36mload[39m[34m(path, sr, mono, offset, duration, dtype, res_type)[39m
[32m    180[39m [38;5;28;01mif[39;00m [38;5;28misinstance[39m(path, ([38;5;28mstr[39m, pathlib.PurePath)):
[32m    181[39m     warnings.warn(
[32m    182[39m         [33m"[39m[33mPySoundFile failed. Trying audioread instead.[39m[33m"[39m, stacklevel=[32m2[39m
[32m    183[39m     )
[32m--> [39m[32m184[39m     y, sr_native = [30;43m__audioread_load[39;49m[30;43m([39;49m[30;43mpath[39;49m[30;43m,[39;49m[30;43m [39;49m[30;43moffset[39;49m[30;43m,[39;49m[30;43m [39;49m[30;43mduration[39;49m[30;43m,[39;49m[30;43m [39;49m[30;43mdtype[39;49m[30;43m)[39;49m
[32m    185[39m [38;5;28;01melse[39;00m:
[32m    186[39m     [38;5;28;01mraise[39;00m exc

[36mFile [39m[32m~/work/DrumScript/DrumScript/.venv/lib/python3.12/site-packages/decorator/__init__.py:247[39m, in [36mdecorate.<locals>.fun[39m[34m(*args, **kw)[39m
[32m    245[39m [38;5;28;01mif[39;00m [38;5;129;01mnot[39;00m kwsyntax:
[32m    246[39m     args, kw = fix(args, kw, sig)
[32m--> [39m[32m247[39m [38;5;28;01mreturn[39;00m [30;43mcaller[39;49m[30;43m([39;49m[30;43mfunc[39;49m[30;43m,[39;49m[30;43m [39;49m[30;43m*[39;49m[30;43m([39;49m[30;43mextras[39;49m[30;43m [39;49m[30;43m+[39;49m[30;43m [39;49m[30;43margs[39;49m[30;43m)[39;49m[30;43m,[39;49m[30;43m [39;49m[30;43m*[39;49m[30;43m*[39;49m[30;43mkw[39;49m[30;43m)[39;49m

[36mFile [39m[32m~/work/DrumScript/DrumScript/.venv/lib/python3.12/site-packages/librosa/util/decorators.py:63[39m, in [36mdeprecated.<locals>.__wrapper[39m[34m(func, *args, **kwargs)[39m
[32m     54[39m [38;5;250m[39m[33;03m"""Warn the user, and then proceed."""[39;00m
[32m     55[39m warnings.warn(
[32m     56[39m     [33m"[39m[38;5;132;01m{:s}[39;00m[33m.[39m[38;5;132;01m{:s}[39;00m[38;5;130;01m\n[39;00m[38;5;130;01m\t[39;00m[33mDeprecated as of librosa version [39m[38;5;132;01m{:s}[39;00m[33m.[39m[33m"[39m
[32m     57[39m     [33m"[39m[38;5;130;01m\n[39;00m[38;5;130;01m\t[39;00m[33mIt will be removed in librosa version [39m[38;5;132;01m{:s}[39;00m[33m.[39m[33m"[39m.format(
[32m   (...)[39m[32m     61[39m     stacklevel=[32m3[39m,  [38;5;66;03m# Would be 2, but the decorator adds a level[39;00m
[32m     62[39m )
[32m---> [39m[32m63[39m [38;5;28;01mreturn[39;00m [30;43mfunc[39;49m[30;43m([39;49m[30;43m*[39;49m[30;43margs[39;49m[30;43m,[39;49m[30;43m [39;49m[30;43m*[39;49m[30;43m*[39;49m[30;43mkwargs[39;49m[30;43m)[39;49m

[36mFile [39m[32m~/work/DrumScript/DrumScript/.venv/lib/python3.12/site-packages/librosa/core/audio.py:240[39m, in [36m__audioread_load[39m[34m(path, offset, duration, dtype)[39m
[32m    237[39m     reader = path
[32m    238[39m [38;5;28;01melse[39;00m:
[32m    239[39m     [38;5;66;03m# If the input was not an audioread object, try to open it[39;00m
[32m--> [39m[32m240[39m     reader = [30;43maudioread[39;49m[30;43m.[39;49m[30;43maudio_open[39;49m[30;43m([39;49m[30;43mpath[39;49m[30;43m)[39;49m
[32m    242[39m [38;5;28;01mwith[39;00m reader [38;5;28;01mas[39;00m input_file:
[32m    243[39m     sr_native = input_file.samplerate

[36mFile [39m[32m~/work/DrumScript/DrumScript/.venv/lib/python3.12/site-packages/audioread/__init__.py:131[39m, in [36maudio_open[39m[34m(path, backends)[39m
[32m    128[39m         [38;5;28;01mpass[39;00m
[32m    130[39m [38;5;66;03m# All backends failed![39;00m
[32m--> [39m[32m131[39m [38;5;28;01mraise[39;00m NoBackendError()

[31mNoBackendError[39m: 

